https://www.youtube.com/watch?v=CYd2xVDNOF4
https://www.youtube.com/watch?v=5LwhsVIhWmY
https://www.youtube.com/watch?v=sCpScMvBfrI
https://www.youtube.com/watch?v=UZKF2OMpX5A
https://www.youtube.com/watch?v=EEh7M7suOKs
https://www.youtube.com/watch?v=9BPi1rejLh4
https://www.youtube.com/watch?v=IaZRn1d4zTk
https://www.youtube.com/watch?v=CgZx2w5IUow
https://www.youtube.com/watch?v=7TGN3u44E1Y
https://www.youtube.com/watch?v=i-7jq0X6FDc
https://www.youtube.com/watch?v=0N8zrMchzxk
https://www.youtube.com/watch?v=DYEPm5OFi90
https://www.youtube.com/watch?v=W3hHIlx1XXw
https://www.youtube.com/watch?v=n8VOp5mhxpc
https://www.youtube.com/watch?v=jE_RZlrqrAI
https://www.youtube.com/watch?v=pVHGbYaLEng
https://www.youtube.com/watch?v=bx_FUz6Pb88
https://www.youtube.com/watch?v=OIAeg_n0l8Q
https://www.youtube.com/watch?v=fQOSrP1nHko
https://www.youtube.com/watch?v=pzy5a0M7h1w
https://www.youtube.com/watch?v=t6W238Tn_6s
https://www.youtube.com/watch?v=lepugwdwBz0
https://www.youtube.com/watch?v=dp_ljjf98Vg
https://www.youtube.com/watch?v=VAz9CIQS1oc
https://www.youtube.com/watch?v=coA6Xin7Kjg
https://www.youtube.com/watch?v=1249kzgs62Q
https://www.youtube.com/watch?v=Rh3NuKMC4Ww
https://www.youtube.com/watch?v=BM62adfs3gQ
https://www.youtube.com/watch?v=Y_eOPYed9DA
https://www.youtube.com/watch?v=rkQRzX0sB_Y
https://www.youtube.com/watch?v=m5-TAFkfsWM
https://www.youtube.com/watch?v=k-a75zRgtWc
https://www.youtube.com/watch?v=liKCqaRPJz0
https://www.youtube.com/watch?v=YzeiGYAay_I
https://www.youtube.com/watch?v=jjJtrdoSMwk
https://www.youtube.com/watch?v=Pql1qYLYmGQ
https://www.youtube.com/watch?v=4k4X8nbzyaM
https://www.youtube.com/watch?v=dXN3q3GkCug
https://www.youtube.com/watch?v=UHuKNgTyHV8
https://www.youtube.com/watch?v=e65OEEQz8ck
https://www.youtube.com/watch?v=5NpfKwbjAk0
https://www.youtube.com/watch?v=086qeje8Zss
https://www.youtube.com/watch?v=O13C75NVh5E
https://www.youtube.com/watch?v=K_jn9HAzsow
https://www.youtube.com/watch?v=2SvG0yiNt4Q
